---
source: src/lsp/bridge/text_document/document_highlight.rs
expression: request
---
{
  "jsonrpc": "2.0",
  "id": 42,
  "method": "textDocument/documentHighlight",
  "params": {
    "textDocument": {
      "uri": "file:///project/kakehashi-virtual-uri-region-0.lua"
    },
    "position": {
      "line": 2,
      "character": 10
    }
  }
}
