---
source: src/lsp/bridge/protocol/lifecycle.rs
expression: capabilities
---
{
  "general": {
    "positionEncodings": [
      "utf-16"
    ]
  },
  "textDocument": {
    "completion": {
      "completionItem": {
        "insertReplaceSupport": true,
        "snippetSupport": true
      },
      "dynamicRegistration": false
    },
    "declaration": {
      "dynamicRegistration": false,
      "linkSupport": true
    },
    "definition": {
      "dynamicRegistration": false,
      "linkSupport": true
    },
    "diagnostic": {
      "dynamicRegistration": true,
      "relatedDocumentSupport": true
    },
    "documentHighlight": {
      "dynamicRegistration": false
    },
    "documentLink": {
      "dynamicRegistration": false,
      "tooltipSupport": true
    },
    "documentSymbol": {
      "dynamicRegistration": false,
      "hierarchicalDocumentSymbolSupport": true
    },
    "hover": {
      "contentFormat": [
        "markdown",
        "plaintext"
      ],
      "dynamicRegistration": false
    },
    "implementation": {
      "dynamicRegistration": false,
      "linkSupport": true
    },
    "inlayHint": {
      "dynamicRegistration": false
    },
    "moniker": {
      "dynamicRegistration": false
    },
    "references": {
      "dynamicRegistration": false
    },
    "signatureHelp": {
      "dynamicRegistration": false
    },
    "typeDefinition": {
      "dynamicRegistration": false,
      "linkSupport": true
    }
  },
  "workspace": {
    "configuration": true,
    "diagnostics": {
      "refreshSupport": true
    },
    "workspaceFolders": true
  }
}
