---
source: src/config/settings.rs
assertion_line: 1471
expression: settings.capture_mappings
---
{
  "_": {
    "highlights": {
      "function.builtin": "function.defaultLibrary",
      "variable.builtin": "variable.defaultLibrary"
    }
  },
  "rust": {
    "highlights": {
      "type.builtin": "type.defaultLibrary"
    }
  }
}
