---
source: src/config/merge.rs
assertion_line: 878
expression: result
---
{
  "searchPaths": [
    "/overlay/path"
  ],
  "languages": {
    "lua": {
      "base": null,
      "parser": "/base/lua.so",
      "queries": null,
      "bridge": null,
      "layers": null,
      "aliases": null,
      "autoInstall": null
    },
    "python": {
      "base": null,
      "parser": "/base/python.so",
      "queries": [
        {
          "path": "./overlay/python-highlights.scm",
          "kind": "highlights"
        }
      ],
      "bridge": {
        "rust": {
          "enabled": true,
          "aggregation": null
        }
      },
      "layers": null,
      "aliases": [
        "py3"
      ],
      "autoInstall": null
    },
    "rust": {
      "base": null,
      "parser": "/overlay/rust.so",
      "queries": null,
      "bridge": null,
      "layers": null,
      "aliases": null,
      "autoInstall": null
    }
  },
  "captureMappings": {
    "_": {
      "highlights": {
        "function.builtin": "base.function",
        "type.builtin": "overlay.type",
        "variable.builtin": "overlay.variable"
      },
      "folds": {
        "fold.comment": "base.comment",
        "fold.function": "overlay.function"
      }
    },
    "lua": {
      "highlights": {
        "keyword": "base.keyword"
      }
    },
    "rust": {
      "highlights": {
        "type.builtin": "rust.type"
      }
    }
  },
  "autoInstall": false,
  "diagnosticsDebounceMs": null,
  "features": null,
  "languageServers": {
    "lua-language-server": {
      "cmd": [
        "lua-language-server"
      ],
      "languages": [
        "lua"
      ],
      "initializationOptions": null,
      "workspaceMarkers": null,
      "onTypeFormattingTriggers": null,
      "preferSharedInstance": null,
      "enabled": null,
      "maxConcurrentRequests": null
    },
    "pyright": {
      "cmd": [
        "pyright-langserver",
        "--stdio"
      ],
      "languages": [
        "python"
      ],
      "initializationOptions": null,
      "workspaceMarkers": null,
      "onTypeFormattingTriggers": null,
      "preferSharedInstance": null,
      "enabled": null,
      "maxConcurrentRequests": null
    },
    "rust-analyzer": {
      "cmd": [
        "rust-analyzer"
      ],
      "languages": [
        "rust"
      ],
      "initializationOptions": {
        "checkOnSave": true,
        "linkedProjects": [
          "./Cargo.toml"
        ]
      },
      "workspaceMarkers": null,
      "onTypeFormattingTriggers": null,
      "preferSharedInstance": null,
      "enabled": null,
      "maxConcurrentRequests": null
    }
  }
}
