---
source: tests/e2e_lsp_protocol.rs
expression: capabilities
---
{
  "completionProvider": {
    "triggerCharacters": [
      ".",
      ":"
    ]
  },
  "declarationProvider": true,
  "definitionProvider": true,
  "diagnosticProvider": {
    "interFileDependencies": false,
    "workspaceDiagnostics": false
  },
  "documentHighlightProvider": true,
  "documentLinkProvider": {},
  "documentSymbolProvider": true,
  "hoverProvider": true,
  "implementationProvider": true,
  "inlayHintProvider": true,
  "monikerProvider": true,
  "referencesProvider": true,
  "renameProvider": true,
  "selectionRangeProvider": true,
  "semanticTokensProvider": {
    "full": {
      "delta": true
    },
    "legend": {
      "tokenModifiers": [
        "declaration",
        "definition",
        "readonly",
        "static",
        "deprecated",
        "abstract",
        "async",
        "modification",
        "documentation",
        "defaultLibrary"
      ],
      "tokenTypes": [
        "comment",
        "keyword",
        "string",
        "number",
        "regexp",
        "operator",
        "namespace",
        "type",
        "struct",
        "class",
        "interface",
        "enum",
        "enumMember",
        "typeParameter",
        "function",
        "method",
        "macro",
        "variable",
        "parameter",
        "property",
        "event",
        "modifier",
        "decorator"
      ]
    },
    "range": true
  },
  "signatureHelpProvider": {
    "retriggerCharacters": [
      ","
    ],
    "triggerCharacters": [
      "(",
      ","
    ]
  },
  "textDocumentSync": {
    "change": 2,
    "openClose": true,
    "save": {
      "includeText": false
    }
  },
  "typeDefinitionProvider": true
}
