---
source: tests/e2e_lsp_protocol.rs
expression: capabilities
---
{
  "textDocumentSync": {
    "openClose": true,
    "change": 2,
    "save": {
      "includeText": false
    }
  },
  "selectionRangeProvider": true,
  "hoverProvider": true,
  "completionProvider": {
    "resolveProvider": true,
    "triggerCharacters": [
      ".",
      ":"
    ]
  },
  "signatureHelpProvider": {
    "triggerCharacters": [
      "(",
      ","
    ],
    "retriggerCharacters": [
      ","
    ]
  },
  "definitionProvider": {
    "workDoneProgress": true
  },
  "typeDefinitionProvider": true,
  "implementationProvider": true,
  "referencesProvider": {
    "workDoneProgress": true
  },
  "documentHighlightProvider": true,
  "documentSymbolProvider": {
    "workDoneProgress": true
  },
  "codeLensProvider": {
    "resolveProvider": true
  },
  "documentFormattingProvider": {
    "workDoneProgress": true
  },
  "documentRangeFormattingProvider": {
    "workDoneProgress": true
  },
  "renameProvider": {
    "prepareProvider": true
  },
  "documentLinkProvider": {},
  "foldingRangeProvider": true,
  "declarationProvider": {
    "workDoneProgress": true
  },
  "semanticTokensProvider": {
    "legend": {
      "tokenTypes": [
        "comment",
        "keyword",
        "string",
        "number",
        "regexp",
        "operator",
        "namespace",
        "type",
        "struct",
        "class",
        "interface",
        "enum",
        "enumMember",
        "typeParameter",
        "function",
        "method",
        "macro",
        "variable",
        "parameter",
        "property",
        "event",
        "modifier",
        "decorator"
      ],
      "tokenModifiers": [
        "declaration",
        "definition",
        "readonly",
        "static",
        "deprecated",
        "abstract",
        "async",
        "modification",
        "documentation",
        "defaultLibrary"
      ]
    },
    "range": true,
    "full": {
      "delta": true
    }
  },
  "monikerProvider": true,
  "linkedEditingRangeProvider": true,
  "inlayHintProvider": {
    "workDoneProgress": true
  },
  "diagnosticProvider": {
    "interFileDependencies": false,
    "workspaceDiagnostics": false
  }
}
