---
source: tests/e2e_semantic.rs
expression: snapshot_tokens
---
[
  {
    "line": 0,
    "start": 0,
    "length": 5,
    "type": "keyword",
    "modifiers": 0
  },
  {
    "line": 0,
    "start": 6,
    "length": 1,
    "type": "variable",
    "modifiers": 4
  },
  {
    "line": 0,
    "start": 8,
    "length": 1,
    "type": "operator",
    "modifiers": 0
  },
  {
    "line": 0,
    "start": 10,
    "length": 2,
    "type": "function",
    "modifiers": 0
  },
  {
    "line": 2,
    "start": 0,
    "length": 8,
    "type": "keyword",
    "modifiers": 0
  },
  {
    "line": 2,
    "start": 9,
    "length": 1,
    "type": "variable",
    "modifiers": 4
  },
  {
    "line": 2,
    "start": 11,
    "length": 1,
    "type": "function",
    "modifiers": 0
  },
  {
    "line": 3,
    "start": 1,
    "length": 6,
    "type": "keyword",
    "modifiers": 0
  },
  {
    "line": 4,
    "start": 0,
    "length": 3,
    "type": "keyword",
    "modifiers": 0
  },
  {
    "line": 6,
    "start": 0,
    "length": 6,
    "type": "keyword",
    "modifiers": 0
  },
  {
    "line": 6,
    "start": 7,
    "length": 1,
    "type": "variable",
    "modifiers": 4
  }
]
