---
source: tests/e2e_semantic_blockquote.rs
expression: data
---
[
  0,
  0,
  2,
  1,
  0,
  0,
  2,
  3,
  2,
  0,
  1,
  0,
  28,
  1,
  0,
  1,
  0,
  2,
  1,
  0,
  0,
  2,
  3,
  2,
  0,
  1,
  0,
  2,
  1,
  0,
  1,
  0,
  2,
  1,
  0,
  0,
  2,
  3,
  2,
  0,
  0,
  3,
  7,
  17,
  0,
  1,
  0,
  33,
  1,
  0,
  1,
  0,
  2,
  1,
  0,
  0,
  2,
  3,
  2,
  0
]
